RAM Allocation [bytes]
Variable                                                                          Address   Size
------------------------------------------------------------------------------------------------
Uint_data_led1                                                                    0x0200       2
Uint_data_led2                                                                    0x0202       2
Ul_Voltage_Buff                                                                   0x0204     120
Ul_Current_Buff                                                                   0x027C     120
Uint_Warning_Count                                                                0x02F4       2
BCDLED                                                                            0x02F6      11

EEPROM Allocation [bytes]
Variable                                                                          Address   Size
------------------------------------------------------------------------------------------------

Register Allocation
Variable                                                                          Register  Size
------------------------------------------------------------------------------------------------
Uint_Voltage                                                                      R5,R6        2
Uint_Current                                                                      R7,R8        2
Uc_Buff_Count                                                                     R10          1
Uc_Buzzer_Count                                                                   R9           1
Bit_En_Meas                                                                       GPIOR0.2  1bit
Uc_Voltage_Duty                                                                   R12          1
Uc_Timer_Update_Display                                                           R13,R14      2
Bit_Led1_Warning                                                                  GPIOR0.0  1bit
Bit_Led2_Warning                                                                  GPIOR0.1  1bit
Uc_Select_led                                                                     R11          1

FLASH Allocation [words]
Function                                                                          Address   Size
------------------------------------------------------------------------------------------------
read_adc                                                                          0x00058     27
timer2_ovf_isr                                                                    0x00073     46
PWM_PHASE1                                                                        0x000A1     17
PWM_PHASE2                                                                        0x000B2     18
CONTROL_VOLTAGE                                                                   0x000C4     25
READ_CURRENT_INFO                                                                 0x000DD    616
main                                                                              0x00345    160
SPI_7753_SEND                                                                     0x003E5     28
SPI_7753_RECEIVE                                                                  0x00401     24
ADE7753_READ                                                                      0x00419    125
SEND_DATA_LED                                                                     0x00496     56
SCAN_LED                                                                          0x004CE    247
SPI_SENDBYTE                                                                      0x005C5     27
